// Jest Snapshot v1, https://goo.gl/fbAQLP

exports[`converts <em> in html strings to a highlight 1`] = `
<div>
  <span
    class="sr-only"
  >
    foo &lt;em&gt;bar&lt;/em&gt; &lt;em&gt;foe&lt;/em&gt;
  </span>
  <span
    aria-hidden="true"
  >
    foo 
    <mark>
      bar
    </mark>
     
    <mark>
      foe
    </mark>
  </span>
</div>
`;

exports[`inverses the highlight 1`] = `
<div>
  <span
    class="sr-only"
  >
    foo &lt;em&gt;bar&lt;/em&gt; &lt;em&gt;foe&lt;/em&gt;
  </span>
  <span
    aria-hidden="true"
  >
    <mark>
      foo 
    </mark>
    bar
    <mark>
       
    </mark>
    foe
  </span>
</div>
`;
