// Jest Snapshot v1, https://goo.gl/fbAQLP

exports[`highlights a substring 1`] = `
<div>
  <span
    class="sr-only"
  >
    foo bar foo bar
  </span>
  <span
    aria-hidden="true"
  >
    foo 
    <mark>
      bar
    </mark>
     foo bar
  </span>
</div>
`;

exports[`highlights an existing value substring 1`] = `
<div>
  <span
    class="sr-only"
  >
    foo bar foo bar
  </span>
  <span
    aria-hidden="true"
  >
    foo 
    <mark>
      bar
    </mark>
     foo bar
  </span>
</div>
`;

exports[`inverses the highlight 1`] = `
<div>
  <span
    class="sr-only"
  >
    foo bar foo bar
  </span>
  <span
    aria-hidden="true"
  >
    <mark>
      foo
    </mark>
     bar 
    <mark>
      foo bar
    </mark>
  </span>
</div>
`;
